../Core/Inc/CanFdBus.hpp:102:13:uint8_t CanFdBus::idxNext(uint8_t) const	16	static
../Core/Src/CanFdBus.cpp:7:1:CanFdBus::CanFdBus(FDCAN_HandleTypeDef&)	16	static
../Core/Src/CanFdBus.cpp:14:6:bool CanFdBus::start()	16	static
../Core/Src/CanFdBus.cpp:38:9:static uint8_t CanFdBus::dlcToLength(uint8_t, bool)	16	static
../Core/Src/CanFdBus.cpp:55:9:static uint8_t CanFdBus::lengthToDlc(uint8_t, bool)	16	static
../Core/Src/CanFdBus.cpp:74:6:bool CanFdBus::configureFilterAcceptAll(uint32_t)	40	static
../Core/Src/CanFdBus.cpp:87:6:bool CanFdBus::configureFilterStdMask(uint16_t, uint16_t, uint32_t, uint32_t)	48	static
../Core/Src/CanFdBus.cpp:101:6:bool CanFdBus::configureFilterExtMask(uint32_t, uint32_t, uint32_t, uint32_t)	48	static
../Core/Src/CanFdBus.cpp:116:18:CanFdBus::Result CanFdBus::sendStd(uint16_t, const uint8_t*, uint8_t, bool)	64	static
../Core/Src/CanFdBus.cpp:160:18:CanFdBus::Result CanFdBus::sendStd(uint16_t, const std::array<unsigned char, 8>&, uint8_t, bool)	32	static
../Core/Src/CanFdBus.cpp:167:18:CanFdBus::Result CanFdBus::sendExt(uint32_t, const uint8_t*, uint8_t, bool)	64	static
../Core/Src/CanFdBus.cpp:211:18:CanFdBus::Result CanFdBus::sendExt(uint32_t, const std::array<unsigned char, 8>&, uint8_t, bool)	32	static
../Core/Src/CanFdBus.cpp:219:18:CanFdBus::Result CanFdBus::sendFdStd(uint16_t, const uint8_t*, uint8_t, bool)	64	static
../Core/Src/CanFdBus.cpp:253:18:CanFdBus::Result CanFdBus::sendFdExt(uint32_t, const uint8_t*, uint8_t, bool)	64	static
../Core/Src/CanFdBus.cpp:288:6:bool CanFdBus::available() const	16	static
../Core/Src/CanFdBus.cpp:290:8:size_t CanFdBus::rxCount() const	24	static
../Core/Src/CanFdBus.cpp:297:8:size_t CanFdBus::rxDropped() const	16	static
../Core/Src/CanFdBus.cpp:299:6:bool CanFdBus::rxPushIsr(const CanFdFrame&)	24	static
../Core/Src/CanFdBus.cpp:311:6:bool CanFdBus::rxPop(CanFdFrame&)	24	static,ignoring_inline_asm
../Core/Src/CanFdBus.cpp:323:6:bool CanFdBus::read(CanFdFrame&)	16	static
../Core/Src/CanFdBus.cpp:326:6:void CanFdBus::onRxFifo0Pending()	216	static
../Core/Src/CanFdBus.cpp:355:6:void CanFdBus::onRxFifo1Pending()	216	static
../Core/Src/CanFdBus.cpp:384:6:void CanFdBus::onBusOff()	16	static
../Core/Src/CanFdBus.cpp:395:6:void CanFdBus::onError(uint32_t)	16	static
../Core/Src/CanFdBus.cpp:403:6:void CanFdBus::poll()	16	static
../Core/Src/CanFdBus.cpp:414:6:void CanFdBus::beginRecovery()	16	static
../Core/Src/CanFdBus.cpp:438:6:void CanFdBus::checkRecoveryProgress()	16	static
../Core/Src/CanFdBus.cpp:452:6:static void CanFdBus::handleRxFifo0(FDCAN_HandleTypeDef*)	16	static
../Core/Src/CanFdBus.cpp:458:6:static void CanFdBus::handleRxFifo1(FDCAN_HandleTypeDef*)	16	static
../Core/Src/CanFdBus.cpp:464:6:static void CanFdBus::handleBusOff(FDCAN_HandleTypeDef*)	16	static
../Core/Src/CanFdBus.cpp:470:6:static void CanFdBus::handleError(FDCAN_HandleTypeDef*)	24	static
../Core/Src/CanFdBus.cpp:487:10:void HAL_FDCAN_RxFifo0Callback(FDCAN_HandleTypeDef*, uint32_t)	16	static
../Core/Src/CanFdBus.cpp:497:10:void HAL_FDCAN_RxFifo1Callback(FDCAN_HandleTypeDef*, uint32_t)	16	static
../Core/Src/CanFdBus.cpp:507:10:void HAL_FDCAN_ErrorStatusCallback(FDCAN_HandleTypeDef*, uint32_t)	16	static
/home/ahmedsattar/st/stm32cubeide_2.0.0_3/plugins/com.st.stm32cube.ide.mcu.externaltools.gnu-tools-for-stm32.13.3.rel1.linux64_1.0.100.202509120712/tools/arm-none-eabi/include/c++/13.3.1/array:281:7:const std::array<_Tp, _Nm>::value_type* std::array<_Tp, _Nm>::data() const [with _Tp = unsigned char; unsigned int _Nm = 8]	16	static
/home/ahmedsattar/st/stm32cubeide_2.0.0_3/plugins/com.st.stm32cube.ide.mcu.externaltools.gnu-tools-for-stm32.13.3.rel1.linux64_1.0.100.202509120712/tools/arm-none-eabi/include/c++/13.3.1/array:200:7:std::array<_Tp, _Nm>::value_type& std::array<_Tp, _Nm>::operator[](size_type) [with _Tp = CanFdFrame; unsigned int _Nm = 32]	16	static
/home/ahmedsattar/st/stm32cubeide_2.0.0_3/plugins/com.st.stm32cube.ide.mcu.externaltools.gnu-tools-for-stm32.13.3.rel1.linux64_1.0.100.202509120712/tools/arm-none-eabi/include/c++/13.3.1/array:200:7:std::array<_Tp, _Nm>::value_type& std::array<_Tp, _Nm>::operator[](size_type) [with _Tp = unsigned char; unsigned int _Nm = 64]	16	static
