../Core/Src/main.cpp:104:5:int main()	8	static
../Core/Src/main.cpp:195:6:void SystemClock_Config()	104	static
../Core/Src/main.cpp:250:13:void MX_FDCAN1_Init()	8	static
../Core/Src/main.cpp:293:13:void MX_I2C2_Init()	8	static
../Core/Src/main.cpp:341:13:void MX_ICACHE_Init()	8	static
../Core/Src/main.cpp:373:13:void MX_SPI1_Init()	8	static
../Core/Src/main.cpp:413:13:void MX_TIM1_Init()	120	static
../Core/Src/main.cpp:495:13:void MX_TIM3_Init()	64	static
../Core/Src/main.cpp:554:13:void MX_UART4_Init()	8	static
../Core/Src/main.cpp:602:13:void MX_GPIO_Init()	40	static
../Core/Src/main.cpp:666:6:void StartDefaultTask(void*)	16	static
../Core/Src/main.cpp:688:6:void HAL_TIM_PeriodElapsedCallback(TIM_HandleTypeDef*)	16	static
../Core/Src/main.cpp:706:6:void Error_Handler()	4	static,ignoring_inline_asm
