../Core/Inc/../../../DistributedBMSCommon/Inc/UartFleetTypes.hpp:60:21:float uart_from_cdeg10(int16_t)	16	static
../Core/Inc/PrimaryBmsFleet.hpp:61:10:void FleetSummaryData::clear()	16	static
../Core/Src/PrimaryBmsFleet.cpp:13:1:PrimaryBmsFleet::PrimaryBmsFleet()	24	static
../Core/Src/PrimaryBmsFleet.cpp:35:20:PrimaryBmsFleet::update_from_uart_payload(const uint8_t*, uint16_t, uint32_t)::<lambda(uint16_t&)>	16	static
../Core/Src/PrimaryBmsFleet.cpp:40:20:PrimaryBmsFleet::update_from_uart_payload(const uint8_t*, uint16_t, uint32_t)::<lambda(int16_t&)>	24	static
../Core/Src/PrimaryBmsFleet.cpp:46:19:PrimaryBmsFleet::update_from_uart_payload(const uint8_t*, uint16_t, uint32_t)::<lambda(uint8_t&)>	16	static
../Core/Src/PrimaryBmsFleet.cpp:17:6:bool PrimaryBmsFleet::update_from_uart_payload(const uint8_t*, uint16_t, uint32_t)	64	static
../Core/Src/PrimaryBmsFleet.cpp:99:19:PrimaryBmsFleet::update_module_summary(const uint8_t*, uint16_t, uint32_t)::<lambda(uint8_t&)>	16	static
../Core/Src/PrimaryBmsFleet.cpp:103:20:PrimaryBmsFleet::update_module_summary(const uint8_t*, uint16_t, uint32_t)::<lambda(uint16_t&)>	16	static
../Core/Src/PrimaryBmsFleet.cpp:108:20:PrimaryBmsFleet::update_module_summary(const uint8_t*, uint16_t, uint32_t)::<lambda(uint32_t&)>	16	static
../Core/Src/PrimaryBmsFleet.cpp:82:6:bool PrimaryBmsFleet::update_module_summary(const uint8_t*, uint16_t, uint32_t)	88	static
../Core/Src/PrimaryBmsFleet.cpp:165:6:bool PrimaryBmsFleet::update_heartbeat(const uint8_t*, uint16_t, uint32_t)	32	static
../Core/Src/PrimaryBmsFleet.cpp:186:6:bool PrimaryBmsFleet::update_summary_from_modules(uint32_t)	40	static
/home/ahmedsattar/st/stm32cubeide_2.0.0_3/plugins/com.st.stm32cube.ide.mcu.externaltools.gnu-tools-for-stm32.13.3.rel1.linux64_1.0.100.202509120712/tools/arm-none-eabi/include/c++/13.3.1/array:200:7:std::array<_Tp, _Nm>::value_type& std::array<_Tp, _Nm>::operator[](size_type) [with _Tp = ModuleSummaryData; unsigned int _Nm = 8]	16	static
